// Jest Snapshot v1, https://goo.gl/fbAQLP

exports[`Тестирование асинхронного получения данных получение данных 1`] = `
[
  "1",
  "2",
  "3",
]
`;
